2026-01-15 08:45:12 INFO Application started successfully on server node-01
2026-01-15 08:46:08 DEBUG Loading configuration file from /etc/app/config.yaml
2026-01-15 08:47:35 INFO Database connection established successfully
2026-01-15 08:49:11 WARNING Disk usage at 82% on partition /dev/sda1
2026-01-15 08:50:54 INFO User login successful for user_id=204 from IP 192.168.1.10
2026-01-15 08:52:16 DEBUG Session token generated for authenticated user_id=204
2026-01-15 08:53:43 ERROR Database connection timeout while fetching customer orders
2026-01-15 08:55:09 INFO Cache refreshed successfully for product catalog
2026-01-15 08:56:28 WARNING CPU utilization exceeded 90% for more than 5 minutes
2026-01-15 08:58:31 DEBUG Executing scheduled cleanup task for temporary files
2026-01-15 09:00:17 INFO Payment request received for order_id=45872
2026-01-15 09:01:45 ERROR Null pointer exception in payment processing module
2026-01-15 09:03:12 INFO Email notification sent successfully to customer_id=1098
2026-01-15 09:05:56 WARNING Failed login attempt detected from IP 10.0.0.52
2026-01-15 09:07:21 DEBUG API response received in 142 milliseconds
2026-01-15 09:08:49 INFO Inventory synchronized with warehouse database
2026-01-15 09:10:32 ERROR Unable to connect to external payment gateway after three retries
2026-01-15 09:12:04 INFO User logout successful for user_id=204
2026-01-15 09:13:26 WARNING Low available memory detected on application server
2026-01-15 09:15:48 DEBUG Starting automatic backup process for transaction logs
2026-01-15 09:17:10 INFO Backup completed successfully without any errors
2026-01-15 09:19:42 ERROR FileNotFoundError while reading invoice_template.html
2026-01-15 09:21:15 INFO Scheduled maintenance reminder sent to all administrators
2026-01-15 09:23:37 WARNING SSL certificate will expire in 7 days
2026-01-15 09:25:03 DEBUG Closing inactive database connections to free resources
2026-01-15 09:27:54 ERROR Permission denied while writing to /var/log/app/archive.log
2026-01-15 09:29:18 INFO Application health check completed successfully
2026-01-15 09:31:40 DEBUG Garbage collection completed and memory usage reduced
2026-01-15 09:33:05 WARNING Queue length exceeded configured threshold value
2026-01-15 09:35:27 ERROR Unexpected exception occurred during report generation